==========================================================
OFFICIAL CASSANDRA SEQUENTIAL LANGUAGE BENCHMARK
==========================================================

Results:
benchmark/results/cassandra_official_sequential/run_20261006_191317

Stopping all benchmark containers except Cassandra...
Applying Cassandra standard limits...
Waiting for Cassandra health...
Cassandra is healthy.

==========================================================
GO + CASSANDRA
==========================================================
Starting benchmark_go_cassandra...
Waiting 15s...
Smoke testing go...
Smoke test passed.

----------------------------------------------------------
GO: concurrency 1
----------------------------------------------------------
========================================
GO + CASSANDRA OFFICIAL
========================================
UTC:
Tue Oct  6 19:13:38 UTC 2026


========================================
API BENCHMARK RESULTS
========================================
URL:          http://benchmark_go_cassandra:8080/parent/50000
Concurrency:  1
Duration:     30.011s
Requests:     3670
Errors:       0
Requests/sec: 122.29

Average:      8.055013ms
p50:          5.439742ms
p95:          20.517573ms
p99:          30.987337ms
Max:          101.50562ms
========================================

Cooling down 15s...

----------------------------------------------------------
GO: concurrency 10
----------------------------------------------------------
========================================
GO + CASSANDRA OFFICIAL
========================================
UTC:
Tue Oct  6 19:14:25 UTC 2026


========================================
API BENCHMARK RESULTS
========================================
URL:          http://benchmark_go_cassandra:8080/parent/50000
Concurrency:  10
Duration:     30.041s
Requests:     24869
Errors:       0
Requests/sec: 827.83

Average:      11.969762ms
p50:          9.041074ms
p95:          30.926234ms
p99:          48.613251ms
Max:          152.737507ms
========================================

Cooling down 15s...

----------------------------------------------------------
GO: concurrency 50
----------------------------------------------------------
========================================
GO + CASSANDRA OFFICIAL
========================================
UTC:
Tue Oct  6 19:15:13 UTC 2026


========================================
API BENCHMARK RESULTS
========================================
URL:          http://benchmark_go_cassandra:8080/parent/50000
Concurrency:  50
Duration:     30.138s
Requests:     55050
Errors:       0
Requests/sec: 1826.58

Average:      26.881755ms
p50:          22.272546ms
p95:          62.726391ms
p99:          95.444761ms
Max:          315.61644ms
========================================

Cooling down 15s...

----------------------------------------------------------
GO: concurrency 100
----------------------------------------------------------
========================================
GO + CASSANDRA OFFICIAL
========================================
UTC:
Tue Oct  6 19:16:00 UTC 2026


========================================
API BENCHMARK RESULTS
========================================
URL:          http://benchmark_go_cassandra:8080/parent/50000
Concurrency:  100
Duration:     30.07s
Requests:     70270
Errors:       0
Requests/sec: 2336.89

Average:      41.890057ms
p50:          35.358403ms
p95:          97.589165ms
p99:          143.001009ms
Max:          258.555609ms
========================================

Cooling down 15s...

----------------------------------------------------------
GO: concurrency 250
----------------------------------------------------------
========================================
GO + CASSANDRA OFFICIAL
========================================
UTC:
Tue Oct  6 19:16:48 UTC 2026


========================================
API BENCHMARK RESULTS
========================================
URL:          http://benchmark_go_cassandra:8080/parent/50000
Concurrency:  250
Duration:     30.109s
Requests:     79875
Errors:       0
Requests/sec: 2652.90

Average:      91.776252ms
p50:          81.698958ms
p95:          187.047593ms
p99:          273.799716ms
Max:          568.00351ms
========================================

Cooling down 15s...

----------------------------------------------------------
GO: concurrency 500
----------------------------------------------------------
========================================
GO + CASSANDRA OFFICIAL
========================================
UTC:
Tue Oct  6 19:17:36 UTC 2026


========================================
API BENCHMARK RESULTS
========================================
URL:          http://benchmark_go_cassandra:8080/parent/50000
Concurrency:  500
Duration:     30.359s
Requests:     97242
Errors:       0
Requests/sec: 3203.04

Average:      151.109213ms
p50:          132.625552ms
p95:          317.437611ms
p99:          496.535517ms
Max:          865.198836ms
========================================

Cooling down 15s...

----------------------------------------------------------
GO: concurrency 1000
----------------------------------------------------------
========================================
GO + CASSANDRA OFFICIAL
========================================
UTC:
Tue Oct  6 19:18:24 UTC 2026


========================================
API BENCHMARK RESULTS
========================================
URL:          http://benchmark_go_cassandra:8080/parent/50000
Concurrency:  1000
Duration:     30.438s
Requests:     137127
Errors:       0
Requests/sec: 4505.06

Average:      210.754683ms
p50:          177.908056ms
p95:          484.015994ms
p99:          699.639717ms
Max:          1.366034786s
========================================

Cooling down 15s...

Stopping benchmark_go_cassandra...
Completed go.

==========================================================
RUST + CASSANDRA
==========================================================
Starting benchmark_rust_cassandra...
Waiting 15s...
Smoke testing rust...
Smoke test passed.

----------------------------------------------------------
RUST: concurrency 1
----------------------------------------------------------
========================================
RUST + CASSANDRA OFFICIAL
========================================
UTC:
Tue Oct  6 19:19:32 UTC 2026


========================================
API BENCHMARK RESULTS
========================================
URL:          http://benchmark_rust_cassandra:8080/parent/50000
Concurrency:  1
Duration:     30.013s
Requests:     5933
Errors:       0
Requests/sec: 197.68

Average:      4.939257ms
p50:          2.902898ms
p95:          14.737552ms
p99:          24.836432ms
Max:          158.235623ms
========================================

Cooling down 15s...

----------------------------------------------------------
RUST: concurrency 10
----------------------------------------------------------
========================================
RUST + CASSANDRA OFFICIAL
========================================
UTC:
Tue Oct  6 19:20:19 UTC 2026


========================================
API BENCHMARK RESULTS
========================================
URL:          http://benchmark_rust_cassandra:8080/parent/50000
Concurrency:  10
Duration:     30.068s
Requests:     27899
Errors:       0
Requests/sec: 927.87

Average:      10.671118ms
p50:          7.78765ms
p95:          28.355885ms
p99:          43.924476ms
Max:          165.767186ms
========================================

Cooling down 15s...

----------------------------------------------------------
RUST: concurrency 50
----------------------------------------------------------
========================================
RUST + CASSANDRA OFFICIAL
========================================
UTC:
Tue Oct  6 19:21:06 UTC 2026


========================================
API BENCHMARK RESULTS
========================================
URL:          http://benchmark_rust_cassandra:8080/parent/50000
Concurrency:  50
Duration:     30.072s
Requests:     62988
Errors:       0
Requests/sec: 2094.59

Average:      23.363852ms
p50:          19.547565ms
p95:          52.043293ms
p99:          80.766034ms
Max:          199.750152ms
========================================

Cooling down 15s...

----------------------------------------------------------
RUST: concurrency 100
----------------------------------------------------------
========================================
RUST + CASSANDRA OFFICIAL
========================================
UTC:
Tue Oct  6 19:21:54 UTC 2026


========================================
API BENCHMARK RESULTS
========================================
URL:          http://benchmark_rust_cassandra:8080/parent/50000
Concurrency:  100
Duration:     30.091s
Requests:     53454
Errors:       0
Requests/sec: 1776.40

Average:      54.679161ms
p50:          47.147477ms
p95:          116.208791ms
p99:          175.908319ms
Max:          295.304715ms
========================================

Cooling down 15s...

----------------------------------------------------------
RUST: concurrency 250
----------------------------------------------------------
========================================
RUST + CASSANDRA OFFICIAL
========================================
UTC:
Tue Oct  6 19:22:43 UTC 2026


========================================
API BENCHMARK RESULTS
========================================
URL:          http://benchmark_rust_cassandra:8080/parent/50000
Concurrency:  250
Duration:     30.192s
Requests:     81826
Errors:       0
Requests/sec: 2710.18

Average:      88.534448ms
p50:          78.332524ms
p95:          181.880693ms
p99:          267.968129ms
Max:          456.549693ms
========================================

Cooling down 15s...

----------------------------------------------------------
RUST: concurrency 500
----------------------------------------------------------
========================================
RUST + CASSANDRA OFFICIAL
========================================
UTC:
Tue Oct  6 19:23:31 UTC 2026


========================================
API BENCHMARK RESULTS
========================================
URL:          http://benchmark_rust_cassandra:8080/parent/50000
Concurrency:  500
Duration:     30.203s
Requests:     110030
Errors:       0
Requests/sec: 3643.05

Average:      127.200539ms
p50:          115.641587ms
p95:          244.768689ms
p99:          344.155122ms
Max:          948.451974ms
========================================

Cooling down 15s...

----------------------------------------------------------
RUST: concurrency 1000
----------------------------------------------------------
========================================
RUST + CASSANDRA OFFICIAL
========================================
UTC:
Tue Oct  6 19:24:20 UTC 2026


========================================
API BENCHMARK RESULTS
========================================
URL:          http://benchmark_rust_cassandra:8080/parent/50000
Concurrency:  1000
Duration:     30.297s
Requests:     114236
Errors:       138
Requests/sec: 3770.52

Average:      238.673563ms
p50:          194.989425ms
p95:          467.346198ms
p99:          868.385244ms
Max:          10.389248862s
========================================

Cooling down 15s...

Stopping benchmark_rust_cassandra...
Completed rust.

==========================================================
NODE + CASSANDRA
==========================================================
Starting benchmark_node_cassandra...
Waiting 15s...
Smoke testing node...
Smoke test passed.

----------------------------------------------------------
NODE: concurrency 1
----------------------------------------------------------
========================================
NODE + CASSANDRA OFFICIAL
========================================
UTC:
Tue Oct  6 19:25:45 UTC 2026


========================================
API BENCHMARK RESULTS
========================================
URL:          http://benchmark_node_cassandra:8080/parent/50000
Concurrency:  1
Duration:     30.039s
Requests:     1431
Errors:       0
Requests/sec: 47.64

Average:      20.497722ms
p50:          18.295191ms
p95:          43.217591ms
p99:          58.981309ms
Max:          83.103587ms
========================================

Cooling down 15s...

----------------------------------------------------------
NODE: concurrency 10
----------------------------------------------------------
========================================
NODE + CASSANDRA OFFICIAL
========================================
UTC:
Tue Oct  6 19:26:32 UTC 2026


========================================
API BENCHMARK RESULTS
========================================
URL:          http://benchmark_node_cassandra:8080/parent/50000
Concurrency:  10
Duration:     30.034s
Requests:     8068
Errors:       0
Requests/sec: 268.63

Average:      37.061119ms
p50:          30.386749ms
p95:          89.452859ms
p99:          136.117885ms
Max:          377.86281ms
========================================

Cooling down 15s...

----------------------------------------------------------
NODE: concurrency 50
----------------------------------------------------------
========================================
NODE + CASSANDRA OFFICIAL
========================================
UTC:
Tue Oct  6 19:27:20 UTC 2026


========================================
API BENCHMARK RESULTS
========================================
URL:          http://benchmark_node_cassandra:8080/parent/50000
Concurrency:  50
Duration:     30.068s
Requests:     26414
Errors:       0
Requests/sec: 878.49

Average:      56.522117ms
p50:          46.822592ms
p95:          128.275289ms
p99:          189.180433ms
Max:          958.583909ms
========================================

Cooling down 15s...

----------------------------------------------------------
NODE: concurrency 100
----------------------------------------------------------
========================================
NODE + CASSANDRA OFFICIAL
========================================
UTC:
Tue Oct  6 19:28:08 UTC 2026


========================================
API BENCHMARK RESULTS
========================================
URL:          http://benchmark_node_cassandra:8080/parent/50000
Concurrency:  100
Duration:     30.125s
Requests:     25557
Errors:       0
Requests/sec: 848.35

Average:      117.000771ms
p50:          100.494712ms
p95:          261.359883ms
p99:          376.208236ms
Max:          1.516654287s
========================================

Cooling down 15s...

----------------------------------------------------------
NODE: concurrency 250
----------------------------------------------------------
========================================
NODE + CASSANDRA OFFICIAL
========================================
UTC:
Tue Oct  6 19:28:57 UTC 2026


========================================
API BENCHMARK RESULTS
========================================
URL:          http://benchmark_node_cassandra:8080/parent/50000
Concurrency:  250
Duration:     30.195s
Requests:     27300
Errors:       1
Requests/sec: 904.13

Average:      274.533124ms
p50:          226.592847ms
p95:          573.361616ms
p99:          734.978339ms
Max:          10.001101766s
========================================

Cooling down 15s...

----------------------------------------------------------
NODE: concurrency 500
----------------------------------------------------------
========================================
NODE + CASSANDRA OFFICIAL
========================================
UTC:
Tue Oct  6 19:29:45 UTC 2026


========================================
API BENCHMARK RESULTS
========================================
URL:          http://benchmark_node_cassandra:8080/parent/50000
Concurrency:  500
Duration:     31.828s
Requests:     26187
Errors:       575
Requests/sec: 822.77

Average:      566.505472ms
p50:          307.7394ms
p95:          843.937932ms
p99:          10.009694915s
Max:          10.253830732s
========================================

Cooling down 15s...

----------------------------------------------------------
NODE: concurrency 1000
----------------------------------------------------------
========================================
NODE + CASSANDRA OFFICIAL
========================================
UTC:
Tue Oct  6 19:30:36 UTC 2026


========================================
API BENCHMARK RESULTS
========================================
URL:          http://benchmark_node_cassandra:8080/parent/50000
Concurrency:  1000
Duration:     35.759s
Requests:     33848
Errors:       1322
Requests/sec: 946.55

Average:      875.298924ms
p50:          407.940844ms
p95:          1.704236238s
p99:          10.008678498s
Max:          10.135747075s
========================================

Cooling down 15s...

Stopping benchmark_node_cassandra...
Completed node.

==========================================================
PYTHON + CASSANDRA
==========================================================
Starting benchmark_python_cassandra...
Waiting 15s...
Smoke testing python...
Smoke test passed.

----------------------------------------------------------
PYTHON: concurrency 1
----------------------------------------------------------
========================================
PYTHON + CASSANDRA OFFICIAL
========================================
UTC:
Tue Oct  6 19:32:05 UTC 2026


========================================
API BENCHMARK RESULTS
========================================
URL:          http://benchmark_python_cassandra:8080/parent/50000
Concurrency:  1
Duration:     30.035s
Requests:     1837
Errors:       0
Requests/sec: 61.16

Average:      15.874514ms
p50:          13.676385ms
p95:          34.39091ms
p99:          49.904407ms
Max:          106.855326ms
========================================

Cooling down 15s...

----------------------------------------------------------
PYTHON: concurrency 10
----------------------------------------------------------
========================================
PYTHON + CASSANDRA OFFICIAL
========================================
UTC:
Tue Oct  6 19:32:53 UTC 2026


========================================
API BENCHMARK RESULTS
========================================
URL:          http://benchmark_python_cassandra:8080/parent/50000
Concurrency:  10
Duration:     30.037s
Requests:     4732
Errors:       0
Requests/sec: 157.54

Average:      62.895428ms
p50:          56.306183ms
p95:          122.968192ms
p99:          164.611611ms
Max:          271.051781ms
========================================

Cooling down 15s...

----------------------------------------------------------
PYTHON: concurrency 50
----------------------------------------------------------
========================================
PYTHON + CASSANDRA OFFICIAL
========================================
UTC:
Tue Oct  6 19:33:39 UTC 2026


========================================
API BENCHMARK RESULTS
========================================
URL:          http://benchmark_python_cassandra:8080/parent/50000
Concurrency:  50
Duration:     30.119s
Requests:     7600
Errors:       0
Requests/sec: 252.33

Average:      197.571512ms
p50:          182.204553ms
p95:          331.168473ms
p99:          445.056673ms
Max:          1.114719414s
========================================

Cooling down 15s...

----------------------------------------------------------
PYTHON: concurrency 100
----------------------------------------------------------
========================================
PYTHON + CASSANDRA OFFICIAL
========================================
UTC:
Tue Oct  6 19:34:27 UTC 2026


========================================
API BENCHMARK RESULTS
========================================
URL:          http://benchmark_python_cassandra:8080/parent/50000
Concurrency:  100
Duration:     30.187s
Requests:     7832
Errors:       0
Requests/sec: 259.45

Average:      384.055421ms
p50:          360.829008ms
p95:          569.660533ms
p99:          676.453108ms
Max:          5.081660073s
========================================

Cooling down 15s...

----------------------------------------------------------
PYTHON: concurrency 250
----------------------------------------------------------
========================================
PYTHON + CASSANDRA OFFICIAL
========================================
UTC:
Tue Oct  6 19:35:14 UTC 2026


========================================
API BENCHMARK RESULTS
========================================
URL:          http://benchmark_python_cassandra:8080/parent/50000
Concurrency:  250
Duration:     31.232s
Requests:     8361
Errors:       318
Requests/sec: 267.71

Average:      875.644473ms
p50:          469.806452ms
p95:          1.0399523s
p99:          10.079643986s
Max:          10.172984866s
========================================

Cooling down 15s...

----------------------------------------------------------
PYTHON: concurrency 500
----------------------------------------------------------
========================================
PYTHON + CASSANDRA OFFICIAL
========================================
UTC:
Tue Oct  6 19:36:02 UTC 2026


========================================
API BENCHMARK RESULTS
========================================
URL:          http://benchmark_python_cassandra:8080/parent/50000
Concurrency:  500
Duration:     36.42s
Requests:     8365
Errors:       930
Requests/sec: 229.68

Average:      1.751601477s
p50:          668.695045ms
p95:          10.00629847s
p99:          10.093065945s
Max:          10.18431265s
========================================

Cooling down 15s...

----------------------------------------------------------
PYTHON: concurrency 1000
----------------------------------------------------------
========================================
PYTHON + CASSANDRA OFFICIAL
========================================
UTC:
Tue Oct  6 19:36:56 UTC 2026


========================================
API BENCHMARK RESULTS
========================================
URL:          http://benchmark_python_cassandra:8080/parent/50000
Concurrency:  1000
Duration:     40.23s
Requests:     6787
Errors:       3028
Requests/sec: 168.70

Average:      3.584831788s
p50:          729.814759ms
p95:          10.121601257s
p99:          10.262851007s
Max:          10.358409053s
========================================

Cooling down 15s...

Stopping benchmark_python_cassandra...
Completed python.

==========================================================
PHP + CASSANDRA
==========================================================
Starting benchmark_php_cassandra...
Waiting 15s...
Smoke testing php...
Smoke test passed.

----------------------------------------------------------
PHP: concurrency 1
----------------------------------------------------------
========================================
PHP + CASSANDRA OFFICIAL
========================================
UTC:
Tue Oct  6 19:38:16 UTC 2026


========================================
API BENCHMARK RESULTS
========================================
URL:          http://benchmark_php_cassandra:8080/parent/50000
Concurrency:  1
Duration:     30.008s
Requests:     2015
Errors:       0
Requests/sec: 67.15

Average:      14.71702ms
p50:          11.68262ms
p95:          33.157929ms
p99:          49.707266ms
Max:          178.440689ms
========================================

Cooling down 15s...

----------------------------------------------------------
PHP: concurrency 10
----------------------------------------------------------
========================================
PHP + CASSANDRA OFFICIAL
========================================
UTC:
Tue Oct  6 19:39:03 UTC 2026


========================================
API BENCHMARK RESULTS
========================================
URL:          http://benchmark_php_cassandra:8080/parent/50000
Concurrency:  10
Duration:     30.055s
Requests:     9362
Errors:       0
Requests/sec: 311.49

Average:      31.95674ms
p50:          26.301783ms
p95:          72.698249ms
p99:          108.29647ms
Max:          387.668358ms
========================================

Cooling down 15s...

----------------------------------------------------------
PHP: concurrency 50
----------------------------------------------------------
========================================
PHP + CASSANDRA OFFICIAL
========================================
UTC:
Tue Oct  6 19:39:50 UTC 2026


========================================
API BENCHMARK RESULTS
========================================
URL:          http://benchmark_php_cassandra:8080/parent/50000
Concurrency:  50
Duration:     30.181s
Requests:     9224
Errors:       0
Requests/sec: 305.63

Average:      162.771611ms
p50:          140.990638ms
p95:          325.11169ms
p99:          471.216579ms
Max:          2.094192066s
========================================

Cooling down 15s...

----------------------------------------------------------
PHP: concurrency 100
----------------------------------------------------------
========================================
PHP + CASSANDRA OFFICIAL
========================================
UTC:
Tue Oct  6 19:40:38 UTC 2026


========================================
API BENCHMARK RESULTS
========================================
URL:          http://benchmark_php_cassandra:8080/parent/50000
Concurrency:  100
Duration:     30.367s
Requests:     11673
Errors:       0
Requests/sec: 384.40

Average:      258.876113ms
p50:          236.330575ms
p95:          457.122043ms
p99:          587.542195ms
Max:          1.743888122s
========================================

Cooling down 15s...

----------------------------------------------------------
PHP: concurrency 250
----------------------------------------------------------
========================================
PHP + CASSANDRA OFFICIAL
========================================
UTC:
Tue Oct  6 19:41:25 UTC 2026


========================================
API BENCHMARK RESULTS
========================================
URL:          http://benchmark_php_cassandra:8080/parent/50000
Concurrency:  250
Duration:     30.714s
Requests:     11959
Errors:       0
Requests/sec: 389.37

Average:      635.194921ms
p50:          610.035029ms
p95:          900.077517ms
p99:          1.013414179s
Max:          1.886903978s
========================================

Cooling down 15s...

----------------------------------------------------------
PHP: concurrency 500
----------------------------------------------------------
========================================
PHP + CASSANDRA OFFICIAL
========================================
UTC:
Tue Oct  6 19:42:14 UTC 2026


========================================
API BENCHMARK RESULTS
========================================
URL:          http://benchmark_php_cassandra:8080/parent/50000
Concurrency:  500
Duration:     31.152s
Requests:     11045
Errors:       0
Requests/sec: 354.55

Average:      1.383345478s
p50:          1.331531984s
p95:          1.992829337s
p99:          2.377390959s
Max:          3.589284139s
========================================

Cooling down 15s...

----------------------------------------------------------
PHP: concurrency 1000
----------------------------------------------------------
========================================
PHP + CASSANDRA OFFICIAL
========================================
UTC:
Tue Oct  6 19:43:03 UTC 2026


========================================
API BENCHMARK RESULTS
========================================
URL:          http://benchmark_php_cassandra:8080/parent/50000
Concurrency:  1000
Duration:     32.767s
Requests:     11953
Errors:       0
Requests/sec: 364.79

Average:      2.635971306s
p50:          2.499679164s
p95:          4.4396549s
p99:          4.837626053s
Max:          6.81154874s
========================================

Cooling down 15s...

Stopping benchmark_php_cassandra...
Completed php.

==========================================================
CPP + CASSANDRA
==========================================================
Starting benchmark_cpp_cassandra...
Waiting 15s...
Smoke testing cpp...
Smoke test passed.

----------------------------------------------------------
CPP: concurrency 1
----------------------------------------------------------
========================================
CPP + CASSANDRA OFFICIAL
========================================
UTC:
Tue Oct  6 19:44:14 UTC 2026


========================================
API BENCHMARK RESULTS
========================================
URL:          http://benchmark_cpp_cassandra:8080/parent/50000
Concurrency:  1
Duration:     30.021s
Requests:     4553
Errors:       0
Requests/sec: 151.66

Average:      6.452851ms
p50:          4.672986ms
p95:          17.256109ms
p99:          26.709713ms
Max:          82.696868ms
========================================

Cooling down 15s...

----------------------------------------------------------
CPP: concurrency 10
----------------------------------------------------------
========================================
CPP + CASSANDRA OFFICIAL
========================================
UTC:
Tue Oct  6 19:45:02 UTC 2026


========================================
API BENCHMARK RESULTS
========================================
URL:          http://benchmark_cpp_cassandra:8080/parent/50000
Concurrency:  10
Duration:     30.046s
Requests:     11991
Errors:       0
Requests/sec: 399.09

Average:      24.957281ms
p50:          12.490524ms
p95:          86.519297ms
p99:          137.800676ms
Max:          272.377846ms
========================================

Cooling down 15s...

----------------------------------------------------------
CPP: concurrency 50
----------------------------------------------------------
========================================
CPP + CASSANDRA OFFICIAL
========================================
UTC:
Tue Oct  6 19:45:49 UTC 2026


========================================
API BENCHMARK RESULTS
========================================
URL:          http://benchmark_cpp_cassandra:8080/parent/50000
Concurrency:  50
Duration:     30.141s
Requests:     35890
Errors:       0
Requests/sec: 1190.72

Average:      41.694798ms
p50:          23.788308ms
p95:          148.101906ms
p99:          274.997479ms
Max:          701.342905ms
========================================

Cooling down 15s...

----------------------------------------------------------
CPP: concurrency 100
----------------------------------------------------------
========================================
CPP + CASSANDRA OFFICIAL
========================================
UTC:
Tue Oct  6 19:46:36 UTC 2026


========================================
API BENCHMARK RESULTS
========================================
URL:          http://benchmark_cpp_cassandra:8080/parent/50000
Concurrency:  100
Duration:     30.197s
Requests:     62301
Errors:       0
Requests/sec: 2063.18

Average:      48.021362ms
p50:          21.577843ms
p95:          187.684765ms
p99:          447.989528ms
Max:          1.378249734s
========================================

Cooling down 15s...

----------------------------------------------------------
CPP: concurrency 250
----------------------------------------------------------
========================================
CPP + CASSANDRA OFFICIAL
========================================
UTC:
Tue Oct  6 19:47:24 UTC 2026


========================================
API BENCHMARK RESULTS
========================================
URL:          http://benchmark_cpp_cassandra:8080/parent/50000
Concurrency:  250
Duration:     30.222s
Requests:     80145
Errors:       0
Requests/sec: 2651.87

Average:      93.256481ms
p50:          69.690105ms
p95:          259.507ms
p99:          418.374733ms
Max:          973.503326ms
========================================

Cooling down 15s...

----------------------------------------------------------
CPP: concurrency 500
----------------------------------------------------------
========================================
CPP + CASSANDRA OFFICIAL
========================================
UTC:
Tue Oct  6 19:48:11 UTC 2026


========================================
API BENCHMARK RESULTS
========================================
URL:          http://benchmark_cpp_cassandra:8080/parent/50000
Concurrency:  500
Duration:     30.453s
Requests:     72530
Errors:       0
Requests/sec: 2381.71

Average:      206.731589ms
p50:          164.418878ms
p95:          473.317495ms
p99:          991.23046ms
Max:          2.666664005s
========================================

Cooling down 15s...

----------------------------------------------------------
CPP: concurrency 1000
----------------------------------------------------------
========================================
CPP + CASSANDRA OFFICIAL
========================================
UTC:
Tue Oct  6 19:48:59 UTC 2026


========================================
API BENCHMARK RESULTS
========================================
URL:          http://benchmark_cpp_cassandra:8080/parent/50000
Concurrency:  1000
Duration:     36.057s
Requests:     80717
Errors:       393
Requests/sec: 2238.61

Average:      376.103398ms
p50:          293.384232ms
p95:          666.33888ms
p99:          1.521407651s
Max:          10.580229301s
========================================

Cooling down 15s...

Stopping benchmark_cpp_cassandra...
Completed cpp.

==========================================================
JAVA + CASSANDRA
==========================================================
Starting benchmark_java_cassandra...
Waiting 15s...
Smoke testing java...
Smoke test passed.

----------------------------------------------------------
JAVA: concurrency 1
----------------------------------------------------------
========================================
JAVA + CASSANDRA OFFICIAL
========================================
UTC:
Tue Oct  6 19:50:15 UTC 2026


========================================
API BENCHMARK RESULTS
========================================
URL:          http://benchmark_java_cassandra:8080/parent/50000
Concurrency:  1
Duration:     30.037s
Requests:     2055
Errors:       0
Requests/sec: 68.42

Average:      14.399182ms
p50:          11.016796ms
p95:          37.61169ms
p99:          50.91803ms
Max:          127.987656ms
========================================

Cooling down 15s...

----------------------------------------------------------
JAVA: concurrency 10
----------------------------------------------------------
========================================
JAVA + CASSANDRA OFFICIAL
========================================
UTC:
Tue Oct  6 19:51:03 UTC 2026


========================================
API BENCHMARK RESULTS
========================================
URL:          http://benchmark_java_cassandra:8080/parent/50000
Concurrency:  10
Duration:     30.024s
Requests:     15701
Errors:       0
Requests/sec: 522.95

Average:      19.022282ms
p50:          15.154738ms
p95:          47.061465ms
p99:          69.336721ms
Max:          137.599334ms
========================================

Cooling down 15s...

----------------------------------------------------------
JAVA: concurrency 50
----------------------------------------------------------
========================================
JAVA + CASSANDRA OFFICIAL
========================================
UTC:
Tue Oct  6 19:51:50 UTC 2026


========================================
API BENCHMARK RESULTS
========================================
URL:          http://benchmark_java_cassandra:8080/parent/50000
Concurrency:  50
Duration:     30.042s
Requests:     59052
Errors:       0
Requests/sec: 1965.66

Average:      25.051454ms
p50:          20.62737ms
p95:          60.176805ms
p99:          87.365065ms
Max:          216.83735ms
========================================

Cooling down 15s...

----------------------------------------------------------
JAVA: concurrency 100
----------------------------------------------------------
========================================
JAVA + CASSANDRA OFFICIAL
========================================
UTC:
Tue Oct  6 19:52:37 UTC 2026


========================================
API BENCHMARK RESULTS
========================================
URL:          http://benchmark_java_cassandra:8080/parent/50000
Concurrency:  100
Duration:     30.123s
Requests:     86287
Errors:       0
Requests/sec: 2864.53

Average:      34.106399ms
p50:          30.237921ms
p95:          67.648497ms
p99:          102.018398ms
Max:          225.448761ms
========================================

Cooling down 15s...

----------------------------------------------------------
JAVA: concurrency 250
----------------------------------------------------------
========================================
JAVA + CASSANDRA OFFICIAL
========================================
UTC:
Tue Oct  6 19:53:24 UTC 2026


========================================
API BENCHMARK RESULTS
========================================
URL:          http://benchmark_java_cassandra:8080/parent/50000
Concurrency:  250
Duration:     30.177s
Requests:     120964
Errors:       0
Requests/sec: 4008.51

Average:      60.313694ms
p50:          53.895916ms
p95:          118.68289ms
p99:          168.764375ms
Max:          555.674016ms
========================================

Cooling down 15s...

----------------------------------------------------------
JAVA: concurrency 500
----------------------------------------------------------
========================================
JAVA + CASSANDRA OFFICIAL
========================================
UTC:
Tue Oct  6 19:54:12 UTC 2026


========================================
API BENCHMARK RESULTS
========================================
URL:          http://benchmark_java_cassandra:8080/parent/50000
Concurrency:  500
Duration:     30.106s
Requests:     128228
Errors:       0
Requests/sec: 4259.18

Average:      110.763724ms
p50:          97.937031ms
p95:          222.252309ms
p99:          312.869948ms
Max:          613.221843ms
========================================

Cooling down 15s...

----------------------------------------------------------
JAVA: concurrency 1000
----------------------------------------------------------
========================================
JAVA + CASSANDRA OFFICIAL
========================================
UTC:
Tue Oct  6 19:54:59 UTC 2026


========================================
API BENCHMARK RESULTS
========================================
URL:          http://benchmark_java_cassandra:8080/parent/50000
Concurrency:  1000
Duration:     30.337s
Requests:     117244
Errors:       0
Requests/sec: 3864.77

Average:      233.369248ms
p50:          195.445176ms
p95:          488.67301ms
p99:          892.57152ms
Max:          2.035876165s
========================================

Cooling down 15s...

Stopping benchmark_java_cassandra...
Completed java.

==========================================================
ELIXIR + CASSANDRA
==========================================================
Starting benchmark_elixir_cassandra...
Waiting 15s...
Smoke testing elixir...
Smoke test passed.

----------------------------------------------------------
ELIXIR: concurrency 1
----------------------------------------------------------
========================================
ELIXIR + CASSANDRA OFFICIAL
========================================
UTC:
Tue Oct  6 19:56:12 UTC 2026


========================================
API BENCHMARK RESULTS
========================================
URL:          http://benchmark_elixir_cassandra:8080/parent/50000
Concurrency:  1
Duration:     30.01s
Requests:     1764
Errors:       0
Requests/sec: 58.78

Average:      16.560744ms
p50:          14.344225ms
p95:          36.910922ms
p99:          49.22179ms
Max:          71.979608ms
========================================

Cooling down 15s...

----------------------------------------------------------
ELIXIR: concurrency 10
----------------------------------------------------------
========================================
ELIXIR + CASSANDRA OFFICIAL
========================================
UTC:
Tue Oct  6 19:56:59 UTC 2026


========================================
API BENCHMARK RESULTS
========================================
URL:          http://benchmark_elixir_cassandra:8080/parent/50000
Concurrency:  10
Duration:     30.038s
Requests:     8153
Errors:       0
Requests/sec: 271.42

Average:      36.428211ms
p50:          30.700297ms
p95:          81.344908ms
p99:          125.864946ms
Max:          345.390029ms
========================================

Cooling down 15s...

----------------------------------------------------------
ELIXIR: concurrency 50
----------------------------------------------------------
========================================
ELIXIR + CASSANDRA OFFICIAL
========================================
UTC:
Tue Oct  6 19:57:47 UTC 2026


========================================
API BENCHMARK RESULTS
========================================
URL:          http://benchmark_elixir_cassandra:8080/parent/50000
Concurrency:  50
Duration:     30.2s
Requests:     11084
Errors:       0
Requests/sec: 367.02

Average:      135.010114ms
p50:          118.282447ms
p95:          298.767847ms
p99:          445.018866ms
Max:          774.861354ms
========================================

Cooling down 15s...

----------------------------------------------------------
ELIXIR: concurrency 100
----------------------------------------------------------
========================================
ELIXIR + CASSANDRA OFFICIAL
========================================
UTC:
Tue Oct  6 19:58:34 UTC 2026


========================================
API BENCHMARK RESULTS
========================================
URL:          http://benchmark_elixir_cassandra:8080/parent/50000
Concurrency:  100
Duration:     30.237s
Requests:     10789
Errors:       0
Requests/sec: 356.82

Average:      278.700527ms
p50:          262.301805ms
p95:          481.56459ms
p99:          654.494093ms
Max:          812.677825ms
========================================

Cooling down 15s...

----------------------------------------------------------
ELIXIR: concurrency 250
----------------------------------------------------------
========================================
ELIXIR + CASSANDRA OFFICIAL
========================================
UTC:
Tue Oct  6 19:59:22 UTC 2026


========================================
API BENCHMARK RESULTS
========================================
URL:          http://benchmark_elixir_cassandra:8080/parent/50000
Concurrency:  250
Duration:     30.769s
Requests:     14063
Errors:       0
Requests/sec: 457.05

Average:      539.251046ms
p50:          213.346408ms
p95:          1.735377727s
p99:          2.872060889s
Max:          3.161027319s
========================================

Cooling down 15s...

----------------------------------------------------------
ELIXIR: concurrency 500
----------------------------------------------------------
========================================
ELIXIR + CASSANDRA OFFICIAL
========================================
UTC:
Tue Oct  6 20:00:10 UTC 2026


========================================
API BENCHMARK RESULTS
========================================
URL:          http://benchmark_elixir_cassandra:8080/parent/50000
Concurrency:  500
Duration:     31.822s
Requests:     14568
Errors:       0
Requests/sec: 457.79

Average:      1.056343639s
p50:          742.665974ms
p95:          5.352195853s
p99:          6.522779308s
Max:          7.352006555s
========================================

Cooling down 15s...

----------------------------------------------------------
ELIXIR: concurrency 1000
----------------------------------------------------------
========================================
ELIXIR + CASSANDRA OFFICIAL
========================================
UTC:
Tue Oct  6 20:00:59 UTC 2026


========================================
API BENCHMARK RESULTS
========================================
URL:          http://benchmark_elixir_cassandra:8080/parent/50000
Concurrency:  1000
Duration:     32.347s
Requests:     16514
Errors:       201
Requests/sec: 510.53

Average:      1.842030607s
p50:          1.452703023s
p95:          5.653308527s
p99:          10.000596406s
Max:          10.498122992s
========================================

Cooling down 15s...

Stopping benchmark_elixir_cassandra...
Completed elixir.

==========================================================
RUBY + CASSANDRA
==========================================================
Starting benchmark_ruby_cassandra...
Waiting 15s...
Smoke testing ruby...
Smoke test passed.

----------------------------------------------------------
RUBY: concurrency 1
----------------------------------------------------------
========================================
RUBY + CASSANDRA OFFICIAL
========================================
UTC:
Tue Oct  6 20:02:12 UTC 2026


========================================
API BENCHMARK RESULTS
========================================
URL:          http://benchmark_ruby_cassandra:8080/parent/50000
Concurrency:  1
Duration:     30.027s
Requests:     2289
Errors:       0
Requests/sec: 76.23

Average:      12.907538ms
p50:          10.106905ms
p95:          30.439632ms
p99:          44.174777ms
Max:          99.002863ms
========================================

Cooling down 15s...

----------------------------------------------------------
RUBY: concurrency 10
----------------------------------------------------------
========================================
RUBY + CASSANDRA OFFICIAL
========================================
UTC:
Tue Oct  6 20:02:59 UTC 2026


========================================
API BENCHMARK RESULTS
========================================
URL:          http://benchmark_ruby_cassandra:8080/parent/50000
Concurrency:  10
Duration:     30.091s
Requests:     5133
Errors:       0
Requests/sec: 170.58

Average:      58.434366ms
p50:          52.985328ms
p95:          105.73932ms
p99:          149.098705ms
Max:          382.180403ms
========================================

Cooling down 15s...

----------------------------------------------------------
RUBY: concurrency 50
----------------------------------------------------------
========================================
RUBY + CASSANDRA OFFICIAL
========================================
UTC:
Tue Oct  6 20:03:46 UTC 2026


========================================
API BENCHMARK RESULTS
========================================
URL:          http://benchmark_ruby_cassandra:8080/parent/50000
Concurrency:  50
Duration:     30.228s
Requests:     8016
Errors:       0
Requests/sec: 265.19

Average:      187.877943ms
p50:          177.008942ms
p95:          295.1889ms
p99:          388.415642ms
Max:          1.092820384s
========================================

Cooling down 15s...

----------------------------------------------------------
RUBY: concurrency 100
----------------------------------------------------------
========================================
RUBY + CASSANDRA OFFICIAL
========================================
UTC:
Tue Oct  6 20:04:34 UTC 2026


========================================
API BENCHMARK RESULTS
========================================
URL:          http://benchmark_ruby_cassandra:8080/parent/50000
Concurrency:  100
Duration:     30.238s
Requests:     10072
Errors:       0
Requests/sec: 333.09

Average:      298.64317ms
p50:          286.601891ms
p95:          430.835237ms
p99:          607.813533ms
Max:          1.934943697s
========================================

Cooling down 15s...

----------------------------------------------------------
RUBY: concurrency 250
----------------------------------------------------------
========================================
RUBY + CASSANDRA OFFICIAL
========================================
UTC:
Tue Oct  6 20:05:22 UTC 2026


========================================
API BENCHMARK RESULTS
========================================
URL:          http://benchmark_ruby_cassandra:8080/parent/50000
Concurrency:  250
Duration:     30.724s
Requests:     9214
Errors:       0
Requests/sec: 299.90

Average:      825.548706ms
p50:          775.643083ms
p95:          1.040866009s
p99:          4.048822257s
Max:          4.464630816s
========================================

Cooling down 15s...

----------------------------------------------------------
RUBY: concurrency 500
----------------------------------------------------------
========================================
RUBY + CASSANDRA OFFICIAL
========================================
UTC:
Tue Oct  6 20:06:10 UTC 2026


========================================
API BENCHMARK RESULTS
========================================
URL:          http://benchmark_ruby_cassandra:8080/parent/50000
Concurrency:  500
Duration:     31.566s
Requests:     9398
Errors:       0
Requests/sec: 297.73

Average:      1.636779205s
p50:          1.608529627s
p95:          2.184302667s
p99:          4.388450132s
Max:          5.111674392s
========================================

Cooling down 15s...

----------------------------------------------------------
RUBY: concurrency 1000
----------------------------------------------------------
========================================
RUBY + CASSANDRA OFFICIAL
========================================
UTC:
Tue Oct  6 20:06:58 UTC 2026


========================================
API BENCHMARK RESULTS
========================================
URL:          http://benchmark_ruby_cassandra:8080/parent/50000
Concurrency:  1000
Duration:     33.379s
Requests:     9368
Errors:       0
Requests/sec: 280.65

Average:      3.389641432s
p50:          3.277589981s
p95:          6.588107224s
p99:          8.718294748s
Max:          9.368573365s
========================================

Cooling down 15s...

Stopping benchmark_ruby_cassandra...
Completed ruby.

==========================================================
HASKELL + CASSANDRA
==========================================================
Starting benchmark_haskell_cassandra...
Waiting 15s...
Smoke testing haskell...
Smoke test passed.

----------------------------------------------------------
HASKELL: concurrency 1
----------------------------------------------------------
========================================
HASKELL + CASSANDRA OFFICIAL
========================================
UTC:
Tue Oct  6 20:08:11 UTC 2026


========================================
API BENCHMARK RESULTS
========================================
URL:          http://benchmark_haskell_cassandra:8080/parent/50000
Concurrency:  1
Duration:     30.018s
Requests:     3782
Errors:       0
Requests/sec: 125.99

Average:      7.802526ms
p50:          5.201356ms
p95:          21.794234ms
p99:          33.993668ms
Max:          57.735206ms
========================================

Cooling down 15s...

----------------------------------------------------------
HASKELL: concurrency 10
----------------------------------------------------------
========================================
HASKELL + CASSANDRA OFFICIAL
========================================
UTC:
Tue Oct  6 20:08:58 UTC 2026


========================================
API BENCHMARK RESULTS
========================================
URL:          http://benchmark_haskell_cassandra:8080/parent/50000
Concurrency:  10
Duration:     30.045s
Requests:     18948
Errors:       0
Requests/sec: 630.66

Average:      15.735876ms
p50:          12.512524ms
p95:          39.590755ms
p99:          59.707569ms
Max:          122.12797ms
========================================

Cooling down 15s...

----------------------------------------------------------
HASKELL: concurrency 50
----------------------------------------------------------
========================================
HASKELL + CASSANDRA OFFICIAL
========================================
UTC:
Tue Oct  6 20:09:46 UTC 2026


========================================
API BENCHMARK RESULTS
========================================
URL:          http://benchmark_haskell_cassandra:8080/parent/50000
Concurrency:  50
Duration:     30.061s
Requests:     25659
Errors:       0
Requests/sec: 853.57

Average:      58.288209ms
p50:          41.074646ms
p95:          170.09179ms
p99:          265.417122ms
Max:          432.535338ms
========================================

Cooling down 15s...

----------------------------------------------------------
HASKELL: concurrency 100
----------------------------------------------------------
========================================
HASKELL + CASSANDRA OFFICIAL
========================================
UTC:
Tue Oct  6 20:10:33 UTC 2026


========================================
API BENCHMARK RESULTS
========================================
URL:          http://benchmark_haskell_cassandra:8080/parent/50000
Concurrency:  100
Duration:     30.248s
Requests:     17805
Errors:       0
Requests/sec: 588.64

Average:      169.006076ms
p50:          162.622199ms
p95:          322.440988ms
p99:          409.007881ms
Max:          505.516841ms
========================================

Cooling down 15s...

----------------------------------------------------------
HASKELL: concurrency 250
----------------------------------------------------------
========================================
HASKELL + CASSANDRA OFFICIAL
========================================
UTC:
Tue Oct  6 20:11:21 UTC 2026


========================================
API BENCHMARK RESULTS
========================================
URL:          http://benchmark_haskell_cassandra:8080/parent/50000
Concurrency:  250
Duration:     30.509s
Requests:     15731
Errors:       0
Requests/sec: 515.62

Average:      482.871876ms
p50:          492.263621ms
p95:          843.118869ms
p99:          990.92631ms
Max:          1.326449881s
========================================

Cooling down 15s...

----------------------------------------------------------
HASKELL: concurrency 500
----------------------------------------------------------
========================================
HASKELL + CASSANDRA OFFICIAL
========================================
UTC:
Tue Oct  6 20:12:08 UTC 2026


========================================
API BENCHMARK RESULTS
========================================
URL:          http://benchmark_haskell_cassandra:8080/parent/50000
Concurrency:  500
Duration:     30.856s
Requests:     15713
Errors:       0
Requests/sec: 509.23

Average:      973.717638ms
p50:          938.738577ms
p95:          1.378992142s
p99:          1.606856172s
Max:          2.087431817s
========================================

Cooling down 15s...

----------------------------------------------------------
HASKELL: concurrency 1000
----------------------------------------------------------
========================================
HASKELL + CASSANDRA OFFICIAL
========================================
UTC:
Tue Oct  6 20:12:57 UTC 2026


========================================
API BENCHMARK RESULTS
========================================
URL:          http://benchmark_haskell_cassandra:8080/parent/50000
Concurrency:  1000
Duration:     31.498s
Requests:     15848
Errors:       46
Requests/sec: 503.15

Average:      1.956512781s
p50:          1.916368328s
p95:          2.488389461s
p99:          2.615441011s
Max:          10.231166086s
========================================

Cooling down 15s...

Stopping benchmark_haskell_cassandra...
Completed haskell.

==========================================================
V + CASSANDRA
==========================================================
Starting benchmark_v_cassandra...
Waiting 15s...
Smoke testing v...
Smoke test passed.

----------------------------------------------------------
V: concurrency 1
----------------------------------------------------------
========================================
V + CASSANDRA OFFICIAL
========================================
UTC:
Tue Oct  6 20:14:17 UTC 2026


========================================
API BENCHMARK RESULTS
========================================
URL:          http://benchmark_v_cassandra:8080/parent/50000
Concurrency:  1
Duration:     30.01s
Requests:     4293
Errors:       0
Requests/sec: 143.05

Average:      6.854118ms
p50:          4.530175ms
p95:          18.807164ms
p99:          38.424712ms
Max:          115.070307ms
========================================

Cooling down 15s...

----------------------------------------------------------
V: concurrency 10
----------------------------------------------------------
========================================
V + CASSANDRA OFFICIAL
========================================
UTC:
Tue Oct  6 20:15:04 UTC 2026


========================================
API BENCHMARK RESULTS
========================================
URL:          http://benchmark_v_cassandra:8080/parent/50000
Concurrency:  10
Duration:     30.037s
Requests:     13497
Errors:       0
Requests/sec: 449.35

Average:      22.137911ms
p50:          15.909949ms
p95:          62.215921ms
p99:          93.758636ms
Max:          179.180911ms
========================================

Cooling down 15s...

----------------------------------------------------------
V: concurrency 50
----------------------------------------------------------
========================================
V + CASSANDRA OFFICIAL
========================================
UTC:
Tue Oct  6 20:15:51 UTC 2026


========================================
API BENCHMARK RESULTS
========================================
URL:          http://benchmark_v_cassandra:8080/parent/50000
Concurrency:  50
Duration:     30.068s
Requests:     20017
Errors:       0
Requests/sec: 665.73

Average:      74.889623ms
p50:          60.626593ms
p95:          186.39204ms
p99:          248.503894ms
Max:          399.811813ms
========================================

Cooling down 15s...

----------------------------------------------------------
V: concurrency 100
----------------------------------------------------------
========================================
V + CASSANDRA OFFICIAL
========================================
UTC:
Tue Oct  6 20:16:38 UTC 2026


========================================
API BENCHMARK RESULTS
========================================
URL:          http://benchmark_v_cassandra:8080/parent/50000
Concurrency:  100
Duration:     30.197s
Requests:     17533
Errors:       0
Requests/sec: 580.62

Average:      171.668736ms
p50:          165.233216ms
p95:          316.518968ms
p99:          385.454636ms
Max:          559.305389ms
========================================

Cooling down 15s...

----------------------------------------------------------
V: concurrency 250
----------------------------------------------------------
========================================
V + CASSANDRA OFFICIAL
========================================
UTC:
Tue Oct  6 20:17:25 UTC 2026


========================================
API BENCHMARK RESULTS
========================================
URL:          http://benchmark_v_cassandra:8080/parent/50000
Concurrency:  250
Duration:     30.533s
Requests:     19345
Errors:       0
Requests/sec: 633.57

Average:      390.744317ms
p50:          380.280032ms
p95:          600.614361ms
p99:          702.716932ms
Max:          1.083499599s
========================================

Cooling down 15s...

----------------------------------------------------------
V: concurrency 500
----------------------------------------------------------
========================================
V + CASSANDRA OFFICIAL
========================================
UTC:
Tue Oct  6 20:18:13 UTC 2026


========================================
API BENCHMARK RESULTS
========================================
URL:          http://benchmark_v_cassandra:8080/parent/50000
Concurrency:  500
Duration:     30.91s
Requests:     20060
Errors:       0
Requests/sec: 648.97

Average:      758.248042ms
p50:          743.704912ms
p95:          1.126365343s
p99:          1.265134764s
Max:          1.56867514s
========================================

Cooling down 15s...

----------------------------------------------------------
V: concurrency 1000
----------------------------------------------------------
========================================
V + CASSANDRA OFFICIAL
========================================
UTC:
Tue Oct  6 20:19:01 UTC 2026


========================================
API BENCHMARK RESULTS
========================================
URL:          http://benchmark_v_cassandra:8080/parent/50000
Concurrency:  1000
Duration:     32.491s
Requests:     16848
Errors:       189
Requests/sec: 518.54

Average:      1.819928061s
p50:          1.847565881s
p95:          2.530438122s
p99:          10.00066917s
Max:          10.329273024s
========================================

Cooling down 15s...

Stopping benchmark_v_cassandra...
Completed v.

==========================================================
NIM + CASSANDRA
==========================================================
Starting benchmark_nim_cassandra...
Waiting 15s...
Smoke testing nim...
Smoke test passed.

----------------------------------------------------------
NIM: concurrency 1
----------------------------------------------------------
========================================
NIM + CASSANDRA OFFICIAL
========================================
UTC:
Tue Oct  6 20:20:25 UTC 2026


========================================
API BENCHMARK RESULTS
========================================
URL:          http://benchmark_nim_cassandra:8080/parent/50000
Concurrency:  1
Duration:     30.041s
Requests:     3896
Errors:       0
Requests/sec: 129.69

Average:      7.579982ms
p50:          4.846666ms
p95:          22.520038ms
p99:          34.578299ms
Max:          94.012549ms
========================================

Cooling down 15s...

----------------------------------------------------------
NIM: concurrency 10
----------------------------------------------------------
========================================
NIM + CASSANDRA OFFICIAL
========================================
UTC:
Tue Oct  6 20:21:13 UTC 2026


========================================
API BENCHMARK RESULTS
========================================
URL:          http://benchmark_nim_cassandra:8080/parent/50000
Concurrency:  10
Duration:     30.052s
Requests:     20925
Errors:       0
Requests/sec: 696.29

Average:      14.253483ms
p50:          11.333698ms
p95:          35.703736ms
p99:          52.292176ms
Max:          146.92058ms
========================================

Cooling down 15s...

----------------------------------------------------------
NIM: concurrency 50
----------------------------------------------------------
========================================
NIM + CASSANDRA OFFICIAL
========================================
UTC:
Tue Oct  6 20:22:00 UTC 2026


========================================
API BENCHMARK RESULTS
========================================
URL:          http://benchmark_nim_cassandra:8080/parent/50000
Concurrency:  50
Duration:     30.138s
Requests:     49896
Errors:       0
Requests/sec: 1655.56

Average:      29.761076ms
p50:          26.066559ms
p95:          62.098518ms
p99:          91.842866ms
Max:          256.722588ms
========================================

Cooling down 15s...

----------------------------------------------------------
NIM: concurrency 100
----------------------------------------------------------
========================================
NIM + CASSANDRA OFFICIAL
========================================
UTC:
Tue Oct  6 20:22:48 UTC 2026


========================================
API BENCHMARK RESULTS
========================================
URL:          http://benchmark_nim_cassandra:8080/parent/50000
Concurrency:  100
Duration:     30.073s
Requests:     65485
Errors:       0
Requests/sec: 2177.51

Average:      45.18097ms
p50:          40.06765ms
p95:          91.092257ms
p99:          131.312348ms
Max:          341.75285ms
========================================

Cooling down 15s...

----------------------------------------------------------
NIM: concurrency 250
----------------------------------------------------------
========================================
NIM + CASSANDRA OFFICIAL
========================================
UTC:
Tue Oct  6 20:23:36 UTC 2026


========================================
API BENCHMARK RESULTS
========================================
URL:          http://benchmark_nim_cassandra:8080/parent/50000
Concurrency:  250
Duration:     30.131s
Requests:     82764
Errors:       0
Requests/sec: 2746.84

Average:      89.516216ms
p50:          84.261644ms
p95:          167.706327ms
p99:          235.533948ms
Max:          454.106481ms
========================================

Cooling down 15s...

----------------------------------------------------------
NIM: concurrency 500
----------------------------------------------------------
========================================
NIM + CASSANDRA OFFICIAL
========================================
UTC:
Tue Oct  6 20:24:23 UTC 2026


========================================
API BENCHMARK RESULTS
========================================
URL:          http://benchmark_nim_cassandra:8080/parent/50000
Concurrency:  500
Duration:     30.179s
Requests:     89556
Errors:       0
Requests/sec: 2967.46

Average:      165.846784ms
p50:          159.660526ms
p95:          293.07309ms
p99:          380.468352ms
Max:          751.863227ms
========================================

Cooling down 15s...

----------------------------------------------------------
NIM: concurrency 1000
----------------------------------------------------------
========================================
NIM + CASSANDRA OFFICIAL
========================================
UTC:
Tue Oct  6 20:25:11 UTC 2026


========================================
API BENCHMARK RESULTS
========================================
URL:          http://benchmark_nim_cassandra:8080/parent/50000
Concurrency:  1000
Duration:     30.23s
Requests:     595
Errors:       321231
Requests/sec: 19.68

Average:      93.556236ms
p50:          44.089101ms
p95:          175.097352ms
p99:          421.612712ms
Max:          10.068491422s
========================================

Cooling down 15s...

Stopping benchmark_nim_cassandra...
Completed nim.

==========================================================
ZIG + CASSANDRA
==========================================================
Starting benchmark_zig_cassandra...
Waiting 15s...
Smoke testing zig...
Smoke test passed.

----------------------------------------------------------
ZIG: concurrency 1
----------------------------------------------------------
========================================
ZIG + CASSANDRA OFFICIAL
========================================
UTC:
Tue Oct  6 20:26:20 UTC 2026


========================================
API BENCHMARK RESULTS
========================================
URL:          http://benchmark_zig_cassandra:8080/parent/50000
Concurrency:  1
Duration:     30.012s
Requests:     4178
Errors:       0
Requests/sec: 139.21

Average:      7.055794ms
p50:          4.874476ms
p95:          18.664648ms
p99:          29.892281ms
Max:          146.471106ms
========================================

Cooling down 15s...

----------------------------------------------------------
ZIG: concurrency 10
----------------------------------------------------------
========================================
ZIG + CASSANDRA OFFICIAL
========================================
UTC:
Tue Oct  6 20:27:07 UTC 2026


========================================
API BENCHMARK RESULTS
========================================
URL:          http://benchmark_zig_cassandra:8080/parent/50000
Concurrency:  10
Duration:     30.044s
Requests:     20010
Errors:       0
Requests/sec: 666.02

Average:      14.892554ms
p50:          12.01388ms
p95:          36.137385ms
p99:          55.198045ms
Max:          157.859147ms
========================================

Cooling down 15s...

----------------------------------------------------------
ZIG: concurrency 50
----------------------------------------------------------
========================================
ZIG + CASSANDRA OFFICIAL
========================================
UTC:
Tue Oct  6 20:27:54 UTC 2026


========================================
API BENCHMARK RESULTS
========================================
URL:          http://benchmark_zig_cassandra:8080/parent/50000
Concurrency:  50
Duration:     30.049s
Requests:     46261
Errors:       0
Requests/sec: 1539.52

Average:      32.095794ms
p50:          26.785332ms
p95:          74.338997ms
p99:          110.067085ms
Max:          230.91694ms
========================================

Cooling down 15s...

----------------------------------------------------------
ZIG: concurrency 100
----------------------------------------------------------
========================================
ZIG + CASSANDRA OFFICIAL
========================================
UTC:
Tue Oct  6 20:28:41 UTC 2026


========================================
API BENCHMARK RESULTS
========================================
URL:          http://benchmark_zig_cassandra:8080/parent/50000
Concurrency:  100
Duration:     30.094s
Requests:     63005
Errors:       0
Requests/sec: 2093.59

Average:      47.237739ms
p50:          41.831444ms
p95:          98.022908ms
p99:          141.4281ms
Max:          280.549393ms
========================================

Cooling down 15s...

----------------------------------------------------------
ZIG: concurrency 250
----------------------------------------------------------
========================================
ZIG + CASSANDRA OFFICIAL
========================================
UTC:
Tue Oct  6 20:29:28 UTC 2026


========================================
API BENCHMARK RESULTS
========================================
URL:          http://benchmark_zig_cassandra:8080/parent/50000
Concurrency:  250
Duration:     30.204s
Requests:     70424
Errors:       0
Requests/sec: 2331.60

Average:      106.370394ms
p50:          98.399349ms
p95:          186.267927ms
p99:          243.311726ms
Max:          2.787865836s
========================================

Cooling down 15s...

----------------------------------------------------------
ZIG: concurrency 500
----------------------------------------------------------
========================================
ZIG + CASSANDRA OFFICIAL
========================================
UTC:
Tue Oct  6 20:30:16 UTC 2026


========================================
API BENCHMARK RESULTS
========================================
URL:          http://benchmark_zig_cassandra:8080/parent/50000
Concurrency:  500
Duration:     30.351s
Requests:     61919
Errors:       56
Requests/sec: 2040.07

Average:      242.379782ms
p50:          224.378382ms
p95:          407.388949ms
p99:          578.168929ms
Max:          10.031823074s
========================================

Cooling down 15s...

----------------------------------------------------------
ZIG: concurrency 1000
----------------------------------------------------------
